// Jest Snapshot v1, https://goo.gl/fbAQLP

exports[`<Main /> should render the heading 1`] = `
<main
  class="styles__Wrapper-sc-dzx1ao-0 fMntfo"
>
  <img
    alt="Imagem de um átomo e React Avançado ao lado"
    class="styles__Logo-sc-dzx1ao-1 bmXpbV"
    src="/img/logo.svg"
  />
  <h1
    class="styles__Title-sc-dzx1ao-2 cIwDMv"
  >
    React avançado
  </h1>
  <p
    class="styles__Description-sc-dzx1ao-3 UsxhU"
  >
    TypeScript, ReactJS, NextJS e Styled Components
  </p>
  <img
    alt="Um desenvolvedor de frente para uma tela com código"
    class="styles__Illustration-sc-dzx1ao-4 hgYHjx"
    src="/img/hero-illustration.svg"
  />
</main>
`
